mode: set
iroha/pkg/tui/app.go:81.113,126.2 20 1
iroha/pkg/tui/app.go:129.43,130.29 1 1
iroha/pkg/tui/app.go:131.14,132.15 1 1
iroha/pkg/tui/app.go:133.24,135.15 2 1
iroha/pkg/tui/app.go:136.21,142.24 4 1
iroha/pkg/tui/app.go:142.24,146.22 2 1
iroha/pkg/tui/app.go:146.22,148.5 1 1
iroha/pkg/tui/app.go:149.4,149.79 1 1
iroha/pkg/tui/app.go:151.3,151.23 1 1
iroha/pkg/tui/app.go:151.23,153.4 1 0
iroha/pkg/tui/app.go:154.3,154.15 1 1
iroha/pkg/tui/app.go:155.21,157.15 2 0
iroha/pkg/tui/app.go:158.31,164.15 6 1
iroha/pkg/tui/app.go:165.21,168.15 3 0
iroha/pkg/tui/app.go:169.20,171.15 2 0
iroha/pkg/tui/app.go:172.11,173.26 1 1
iroha/pkg/tui/app.go:175.2,175.14 1 0
iroha/pkg/tui/app.go:179.37,180.24 1 1
iroha/pkg/tui/app.go:180.24,181.72 1 1
iroha/pkg/tui/app.go:181.72,183.4 1 1
iroha/pkg/tui/app.go:184.3,184.29 1 1
iroha/pkg/tui/app.go:184.29,188.34 4 1
iroha/pkg/tui/app.go:188.34,190.5 1 0
iroha/pkg/tui/app.go:191.4,191.28 1 1
iroha/pkg/tui/app.go:191.28,194.5 2 1
iroha/pkg/tui/app.go:195.4,197.16 3 1
iroha/pkg/tui/app.go:199.3,199.14 1 0
iroha/pkg/tui/app.go:203.2,203.23 1 1
iroha/pkg/tui/app.go:203.23,205.21 2 1
iroha/pkg/tui/app.go:205.21,207.4 1 0
iroha/pkg/tui/app.go:208.3,209.15 2 1
iroha/pkg/tui/app.go:211.2,211.25 1 1
iroha/pkg/tui/app.go:211.25,213.21 2 0
iroha/pkg/tui/app.go:213.21,215.4 1 0
iroha/pkg/tui/app.go:216.3,217.15 2 0
iroha/pkg/tui/app.go:219.2,219.26 1 1
iroha/pkg/tui/app.go:219.26,222.3 2 0
iroha/pkg/tui/app.go:223.2,223.28 1 1
iroha/pkg/tui/app.go:223.28,226.3 2 1
iroha/pkg/tui/app.go:229.2,229.44 1 0
iroha/pkg/tui/app.go:229.44,230.50 1 0
iroha/pkg/tui/app.go:230.50,232.4 1 0
iroha/pkg/tui/app.go:234.2,234.14 1 0
iroha/pkg/tui/app.go:238.46,245.2 1 1
iroha/pkg/tui/app.go:250.56,251.26 1 0
iroha/pkg/tui/app.go:251.26,253.3 1 0
iroha/pkg/tui/app.go:254.2,254.83 1 0
iroha/pkg/tui/app.go:254.83,256.3 1 0
iroha/pkg/tui/app.go:257.2,261.17 5 0
iroha/pkg/tui/app.go:265.33,270.31 3 1
iroha/pkg/tui/app.go:270.31,272.3 1 0
iroha/pkg/tui/app.go:274.2,277.47 2 1
iroha/pkg/tui/app.go:277.47,279.3 1 0
iroha/pkg/tui/app.go:280.2,280.47 1 1
iroha/pkg/tui/app.go:280.47,282.3 1 0
iroha/pkg/tui/app.go:284.2,285.52 2 1
iroha/pkg/tui/app.go:285.52,287.3 1 1
iroha/pkg/tui/app.go:289.2,290.26 2 1
iroha/pkg/tui/app.go:290.26,292.3 1 0
iroha/pkg/tui/app.go:293.2,299.64 4 1
iroha/pkg/tui/app.go:299.64,303.35 4 1
iroha/pkg/tui/app.go:303.35,306.4 2 1
iroha/pkg/tui/app.go:307.3,307.51 1 1
iroha/pkg/tui/app.go:310.2,313.28 3 1
iroha/pkg/tui/app.go:313.28,317.44 4 1
iroha/pkg/tui/app.go:317.44,319.4 1 0
iroha/pkg/tui/app.go:320.3,320.20 1 1
iroha/pkg/tui/app.go:320.20,322.4 1 0
iroha/pkg/tui/app.go:323.3,325.28 3 1
iroha/pkg/tui/app.go:325.28,327.4 1 0
iroha/pkg/tui/app.go:328.3,331.46 3 1
iroha/pkg/tui/app.go:334.2,337.23 3 1
iroha/pkg/tui/app.go:337.23,339.3 1 0
iroha/pkg/tui/app.go:340.2,345.22 5 1
iroha/pkg/tui/app.go:345.22,347.3 1 1
iroha/pkg/tui/app.go:348.2,350.14 2 1
iroha/pkg/tui/app.go:357.52,358.93 1 1
iroha/pkg/tui/app.go:358.93,360.3 1 1
iroha/pkg/tui/app.go:365.43,367.2 1 0
iroha/pkg/tui/app.go:369.47,371.2 1 0
iroha/pkg/tui/app.go:373.54,374.42 1 0
iroha/pkg/tui/app.go:374.42,377.3 2 0
iroha/pkg/tui/app.go:377.8,379.3 1 0
iroha/pkg/tui/app.go:380.2,382.26 3 0
iroha/pkg/tui/app.go:385.45,386.84 1 0
iroha/pkg/tui/app.go:386.84,388.3 1 0
iroha/pkg/tui/app.go:389.2,390.28 2 0
iroha/pkg/tui/app.go:390.28,393.3 2 0
iroha/pkg/tui/app.go:393.8,395.3 1 0
iroha/pkg/tui/app.go:396.2,396.26 1 0
iroha/pkg/tui/app.go:399.53,400.42 1 0
iroha/pkg/tui/app.go:400.42,402.3 1 0
iroha/pkg/tui/app.go:403.2,406.26 4 0
iroha/pkg/tui/app.go:409.34,416.2 6 1
iroha/pkg/tui/app.go:419.44,420.18 1 1
iroha/pkg/tui/app.go:420.18,422.3 1 1
iroha/pkg/tui/app.go:423.2,438.28 14 0
iroha/pkg/tui/app.go:438.28,440.3 1 0
iroha/pkg/tui/app.go:442.2,446.3 2 0
iroha/pkg/tui/app.go:450.57,451.20 1 1
iroha/pkg/tui/app.go:451.20,453.73 1 1
iroha/pkg/tui/app.go:453.73,455.4 1 1
iroha/pkg/tui/app.go:456.3,458.32 3 1
iroha/pkg/tui/app.go:458.32,460.4 1 1
iroha/pkg/tui/app.go:461.8,465.21 4 1
iroha/pkg/tui/app.go:465.21,467.4 1 1
iroha/pkg/tui/app.go:467.9,469.4 1 0
iroha/pkg/tui/app.go:471.3,471.27 1 1
iroha/pkg/tui/app.go:471.27,474.4 2 1
iroha/pkg/tui/app.go:475.3,475.64 1 1
iroha/pkg/tui/app.go:480.30,481.32 1 1
iroha/pkg/tui/app.go:481.32,483.3 1 0
iroha/pkg/tui/app.go:484.2,489.21 5 1
iroha/pkg/tui/app.go:489.21,491.16 2 0
iroha/pkg/tui/app.go:491.16,493.4 1 0
iroha/pkg/tui/app.go:493.9,493.32 1 0
iroha/pkg/tui/app.go:493.32,495.4 1 0
iroha/pkg/tui/app.go:496.3,496.80 1 0
iroha/pkg/tui/app.go:498.2,501.24 2 1
iroha/pkg/tui/app.go:501.24,504.3 2 1
iroha/pkg/tui/app.go:504.8,504.33 1 1
iroha/pkg/tui/app.go:504.33,508.3 3 1
iroha/pkg/tui/app.go:510.2,513.26 4 1
iroha/pkg/tui/app.go:517.34,518.39 1 0
iroha/pkg/tui/app.go:518.39,520.3 1 0
iroha/pkg/tui/app.go:521.2,522.16 2 0
iroha/pkg/tui/app.go:522.16,524.3 1 0
iroha/pkg/tui/app.go:525.2,526.25 2 0
iroha/pkg/tui/app.go:526.25,528.24 2 0
iroha/pkg/tui/app.go:528.24,530.4 1 0
iroha/pkg/tui/app.go:531.3,537.5 1 0
iroha/pkg/tui/app.go:539.2,539.32 1 0
iroha/pkg/tui/app.go:543.61,544.39 1 0
iroha/pkg/tui/app.go:544.39,546.3 1 0
iroha/pkg/tui/app.go:547.2,550.39 2 0
iroha/pkg/tui/app.go:550.39,552.3 1 0
iroha/pkg/tui/app.go:554.2,555.34 2 0
iroha/pkg/tui/app.go:555.34,556.47 1 0
iroha/pkg/tui/app.go:556.47,558.4 1 0
iroha/pkg/tui/app.go:561.2,568.28 4 0
iroha/pkg/tui/app.go:568.28,569.16 1 0
iroha/pkg/tui/app.go:569.16,570.12 1 0
iroha/pkg/tui/app.go:572.3,572.24 1 0
iroha/pkg/tui/app.go:572.24,574.42 2 0
iroha/pkg/tui/app.go:574.42,575.24 1 0
iroha/pkg/tui/app.go:575.24,577.6 1 0
iroha/pkg/tui/app.go:579.4,579.28 1 0
iroha/pkg/tui/app.go:579.28,581.27 2 0
iroha/pkg/tui/app.go:581.27,583.6 1 0
iroha/pkg/tui/app.go:584.5,584.39 1 0
iroha/pkg/tui/app.go:588.3,588.36 1 0
iroha/pkg/tui/app.go:588.36,590.54 2 0
iroha/pkg/tui/app.go:590.54,591.24 1 0
iroha/pkg/tui/app.go:591.24,593.6 1 0
iroha/pkg/tui/app.go:595.4,595.26 1 0
iroha/pkg/tui/app.go:595.26,597.27 2 0
iroha/pkg/tui/app.go:597.27,599.6 1 0
iroha/pkg/tui/app.go:600.5,600.34 1 0
iroha/pkg/tui/app.go:604.2,604.24 1 0
iroha/pkg/tui/app.go:604.24,606.3 1 0
iroha/pkg/tui/app.go:608.2,609.26 2 0
iroha/pkg/tui/app.go:609.26,611.23 2 0
iroha/pkg/tui/app.go:611.23,613.4 1 0
iroha/pkg/tui/app.go:615.2,616.13 2 0
iroha/pkg/tui/app.go:619.53,622.2 2 1
iroha/pkg/tui/app.go:624.39,626.2 1 1
iroha/pkg/tui/app.go:629.27,629.45 1 1
iroha/pkg/tui/app.go:632.31,632.46 1 1
iroha/pkg/tui/app.go:636.48,638.2 1 0
iroha/pkg/tui/app.go:642.56,643.32 1 1
iroha/pkg/tui/app.go:644.39,645.24 1 1
iroha/pkg/tui/app.go:646.39,647.24 1 1
iroha/pkg/tui/app.go:648.10,649.27 1 1
iroha/pkg/tui/app.go:654.29,655.73 1 0
iroha/pkg/tui/app.go:655.73,658.3 2 0
iroha/pkg/tui/app.go:658.8,661.3 2 0
iroha/pkg/tui/app.go:665.148,669.28 4 0
iroha/pkg/tui/app.go:669.28,672.3 2 0
iroha/pkg/tui/app.go:673.2,679.23 4 0
iroha/pkg/tui/app.go:679.23,680.76 1 0
iroha/pkg/tui/app.go:680.76,682.4 1 0
iroha/pkg/tui/app.go:683.3,684.27 2 0
iroha/pkg/tui/app.go:684.27,686.4 1 0
iroha/pkg/tui/app.go:686.9,688.4 1 0
iroha/pkg/tui/app.go:689.3,689.29 1 0
iroha/pkg/tui/app.go:693.2,693.46 1 0
iroha/pkg/tui/app.go:693.46,695.3 1 0
iroha/pkg/tui/app.go:698.2,698.40 1 0
iroha/pkg/tui/app.go:698.40,699.49 1 0
iroha/pkg/tui/app.go:699.49,700.54 1 0
iroha/pkg/tui/app.go:700.54,701.24 1 0
iroha/pkg/tui/app.go:701.24,703.6 1 0
iroha/pkg/tui/app.go:707.2,707.32 1 0
iroha/pkg/tui/app.go:707.32,709.3 1 0
iroha/pkg/tui/app.go:710.2,710.22 1 0
iroha/pkg/tui/app.go:710.22,712.3 1 0
iroha/pkg/tui/app.go:715.2,715.12 1 0
iroha/pkg/tui/app.go:715.12,716.41 1 0
iroha/pkg/tui/app.go:716.41,719.4 2 0
iroha/pkg/tui/app.go:723.2,723.12 1 0
iroha/pkg/tui/app.go:723.12,724.7 1 0
iroha/pkg/tui/app.go:724.7,725.11 1 0
iroha/pkg/tui/app.go:726.22,727.11 1 0
iroha/pkg/tui/app.go:728.45,729.57 1 0
iroha/pkg/tui/app.go:734.2,734.12 1 0
iroha/pkg/tui/app.go:734.12,735.7 1 0
iroha/pkg/tui/app.go:735.7,736.11 1 0
iroha/pkg/tui/app.go:737.22,738.11 1 0
iroha/pkg/tui/app.go:739.49,740.47 1 0
iroha/pkg/tui/app.go:746.2,748.12 3 0
iroha/pkg/tui/app.go:748.12,749.7 1 0
iroha/pkg/tui/app.go:749.7,750.11 1 0
iroha/pkg/tui/app.go:751.22,752.11 1 0
iroha/pkg/tui/app.go:753.20,754.24 1 0
iroha/pkg/tui/app.go:759.2,762.29 3 0
iroha/pkg/tui/app.go:762.29,764.3 1 0
iroha/pkg/tui/app.go:766.2,766.6 1 0
iroha/pkg/tui/app.go:766.6,767.10 1 0
iroha/pkg/tui/app.go:768.21,769.14 1 0
iroha/pkg/tui/app.go:770.26,772.18 2 0
iroha/pkg/tui/app.go:772.18,775.5 2 0
iroha/pkg/tui/app.go:776.4,777.61 2 0
iroha/pkg/tui/app.go:782.41,784.2 1 0
iroha/pkg/tui/app.go:786.42,788.2 1 0
iroha/pkg/tui/app.go:790.34,793.2 2 0
iroha/pkg/tui/app.go:796.59,800.46 3 1
iroha/pkg/tui/app.go:800.46,802.3 1 0
iroha/pkg/tui/app.go:804.2,804.28 1 1
iroha/pkg/tui/app.go:804.28,806.3 1 1
iroha/pkg/tui/app.go:807.2,810.17 3 1
iroha/pkg/tui/app.go:811.21,812.21 1 0
iroha/pkg/tui/app.go:812.21,818.4 5 0
iroha/pkg/tui/app.go:819.3,821.17 3 0
iroha/pkg/tui/app.go:821.17,823.4 1 0
iroha/pkg/tui/app.go:823.9,825.4 1 0
iroha/pkg/tui/app.go:827.16,831.27 4 0
iroha/pkg/tui/app.go:831.27,833.29 2 0
iroha/pkg/tui/app.go:833.29,835.5 1 0
iroha/pkg/tui/app.go:836.4,836.79 1 0
iroha/pkg/tui/app.go:838.3,838.25 1 0
iroha/pkg/tui/app.go:840.16,845.22 5 1
iroha/pkg/tui/app.go:845.22,847.4 1 0
iroha/pkg/tui/app.go:848.3,856.24 8 1
iroha/pkg/tui/app.go:856.24,860.17 4 0
iroha/pkg/tui/app.go:860.17,862.5 1 0
iroha/pkg/tui/app.go:864.3,869.50 5 1
iroha/pkg/tui/app.go:871.19,876.15 5 0
iroha/pkg/tui/app.go:878.28,879.35 1 0
iroha/pkg/tui/app.go:881.10,882.88 1 0
iroha/pkg/tui/app.go:885.2,887.14 3 1
iroha/pkg/tui/component_chat.go:30.61,34.2 1 1
iroha/pkg/tui/component_chat.go:37.59,39.2 1 1
iroha/pkg/tui/component_chat.go:42.53,44.15 1 1
iroha/pkg/tui/component_chat.go:45.67,46.14 1 1
iroha/pkg/tui/component_chat.go:47.10,48.15 1 0
iroha/pkg/tui/component_chat.go:53.51,55.2 1 1
iroha/pkg/tui/component_chat.go:58.69,60.2 0 1
iroha/pkg/tui/component_chat.go:63.39,68.2 4 0
iroha/pkg/tui/component_chat.go:71.64,72.20 1 1
iroha/pkg/tui/component_chat.go:72.20,74.3 1 1
iroha/pkg/tui/component_chat.go:74.8,76.3 1 1
iroha/pkg/tui/component_chat.go:81.160,85.51 3 1
iroha/pkg/tui/component_chat.go:85.51,87.3 1 1
iroha/pkg/tui/component_chat.go:89.2,89.15 1 1
iroha/pkg/tui/component_chat.go:90.21,91.52 1 0
iroha/pkg/tui/component_chat.go:92.22,94.23 2 0
iroha/pkg/tui/component_chat.go:94.23,96.4 1 0
iroha/pkg/tui/component_chat.go:97.3,97.21 1 0
iroha/pkg/tui/component_chat.go:97.21,101.4 3 0
iroha/pkg/tui/component_chat.go:102.3,102.56 1 0
iroha/pkg/tui/component_chat.go:103.23,104.41 1 0
iroha/pkg/tui/component_chat.go:107.2,107.14 1 1
iroha/pkg/tui/component_chat.go:110.60,111.26 1 0
iroha/pkg/tui/component_chat.go:111.26,113.3 1 0
iroha/pkg/tui/component_chat.go:114.2,114.96 1 0
iroha/pkg/tui/component_chat.go:117.64,118.27 1 0
iroha/pkg/tui/component_chat.go:118.27,120.3 1 0
iroha/pkg/tui/component_chat.go:122.2,128.40 6 0
iroha/pkg/tui/component_chat.go:128.40,130.3 1 0
iroha/pkg/tui/component_chat.go:132.2,133.58 2 0
iroha/pkg/tui/component_chat.go:133.58,134.48 1 0
iroha/pkg/tui/component_chat.go:134.48,136.4 1 0
iroha/pkg/tui/component_chat.go:138.2,139.22 2 0
iroha/pkg/tui/component_chat.go:139.22,141.3 1 0
iroha/pkg/tui/component_chat.go:142.2,142.14 1 0
iroha/pkg/tui/component_chat.go:146.52,152.45 3 1
iroha/pkg/tui/component_chat.go:152.45,156.3 2 1
iroha/pkg/tui/component_chat.go:159.2,159.17 1 1
iroha/pkg/tui/component_chat.go:160.21,161.27 1 0
iroha/pkg/tui/component_chat.go:161.27,164.4 2 0
iroha/pkg/tui/component_chat.go:164.9,166.4 1 0
iroha/pkg/tui/component_chat.go:167.22,169.27 2 0
iroha/pkg/tui/component_chat.go:169.27,171.4 1 0
iroha/pkg/tui/component_chat.go:172.3,172.21 1 0
iroha/pkg/tui/component_chat.go:172.21,176.4 3 0
iroha/pkg/tui/component_chat.go:177.3,177.27 1 0
iroha/pkg/tui/component_chat.go:177.27,180.4 2 0
iroha/pkg/tui/component_chat.go:181.23,181.23 0 0
iroha/pkg/tui/component_chat.go:185.2,185.14 1 1
iroha/pkg/tui/component_confirm.go:29.46,31.2 1 1
iroha/pkg/tui/component_confirm.go:34.57,36.2 1 1
iroha/pkg/tui/component_confirm.go:39.55,41.19 1 1
iroha/pkg/tui/component_confirm.go:41.19,43.3 1 1
iroha/pkg/tui/component_confirm.go:45.2,45.18 1 1
iroha/pkg/tui/component_confirm.go:46.28,47.48 1 1
iroha/pkg/tui/component_confirm.go:48.24,49.44 1 1
iroha/pkg/tui/component_confirm.go:50.16,52.25 2 1
iroha/pkg/tui/component_confirm.go:53.10,54.14 1 1
iroha/pkg/tui/component_confirm.go:55.10,56.14 1 1
iroha/pkg/tui/component_confirm.go:57.10,58.19 1 0
iroha/pkg/tui/component_confirm.go:59.10,61.15 2 0
iroha/pkg/tui/component_confirm.go:62.10,63.20 1 0
iroha/pkg/tui/component_confirm.go:65.3,65.40 1 1
iroha/pkg/tui/component_confirm.go:65.40,67.4 1 1
iroha/pkg/tui/component_confirm.go:68.15,69.19 1 1
iroha/pkg/tui/component_confirm.go:70.17,71.25 1 1
iroha/pkg/tui/component_confirm.go:71.25,73.5 1 1
iroha/pkg/tui/component_confirm.go:74.17,75.27 1 1
iroha/pkg/tui/component_confirm.go:75.27,77.5 1 1
iroha/pkg/tui/component_confirm.go:78.17,79.27 1 1
iroha/pkg/tui/component_confirm.go:79.27,81.5 1 1
iroha/pkg/tui/component_confirm.go:82.17,83.27 1 0
iroha/pkg/tui/component_confirm.go:83.27,85.5 1 0
iroha/pkg/tui/component_confirm.go:86.17,87.22 1 1
iroha/pkg/tui/component_confirm.go:88.12,89.27 1 0
iroha/pkg/tui/component_confirm.go:89.27,91.5 1 0
iroha/pkg/tui/component_confirm.go:93.10,94.15 1 0
iroha/pkg/tui/component_confirm.go:96.2,96.13 1 1
iroha/pkg/tui/component_confirm.go:100.73,102.2 0 1
iroha/pkg/tui/component_confirm.go:105.54,107.57 2 1
iroha/pkg/tui/component_confirm.go:107.57,110.3 2 1
iroha/pkg/tui/component_confirm.go:110.8,113.3 2 1
iroha/pkg/tui/component_confirm.go:114.2,115.23 2 1
iroha/pkg/tui/component_confirm.go:119.56,120.19 1 1
iroha/pkg/tui/component_confirm.go:120.19,124.67 4 1
iroha/pkg/tui/component_confirm.go:124.67,126.4 1 1
iroha/pkg/tui/component_confirm.go:127.3,127.15 1 1
iroha/pkg/tui/component_confirm.go:130.2,141.40 8 1
iroha/pkg/tui/component_confirm.go:141.40,143.3 1 0
iroha/pkg/tui/component_confirm.go:145.2,145.14 1 1
iroha/pkg/tui/component_confirm.go:149.58,150.18 1 1
iroha/pkg/tui/component_confirm.go:151.16,156.26 5 1
iroha/pkg/tui/component_confirm.go:156.26,158.4 1 1
iroha/pkg/tui/component_confirm.go:159.14,162.20 3 1
iroha/pkg/tui/component_confirm.go:163.20,164.24 1 1
iroha/pkg/tui/component_confirm.go:164.24,167.4 2 1
iroha/pkg/tui/component_confirm.go:168.15,169.24 1 0
iroha/pkg/tui/component_confirm.go:169.24,171.4 1 0
iroha/pkg/tui/component_confirm.go:172.16,173.41 1 0
iroha/pkg/tui/component_confirm.go:173.41,175.4 1 0
iroha/pkg/tui/component_confirm.go:176.15,178.18 2 1
iroha/pkg/tui/component_confirm.go:179.10,180.15 1 0
iroha/pkg/tui/component_confirm.go:182.2,182.13 1 1
iroha/pkg/tui/component_confirm.go:186.45,191.2 4 1
iroha/pkg/tui/component_confirm.go:194.55,195.30 1 1
iroha/pkg/tui/component_confirm.go:195.30,197.3 1 1
iroha/pkg/tui/component_confirm.go:198.2,198.58 1 1
iroha/pkg/tui/component_confirm.go:198.58,199.48 1 1
iroha/pkg/tui/component_confirm.go:199.48,201.4 1 1
iroha/pkg/tui/component_confirm.go:202.3,202.52 1 1
iroha/pkg/tui/component_confirm.go:202.52,204.4 1 1
iroha/pkg/tui/component_confirm.go:205.3,205.46 1 0
iroha/pkg/tui/component_confirm.go:205.46,207.4 1 0
iroha/pkg/tui/component_confirm.go:209.2,209.11 1 0
iroha/pkg/tui/component_input.go:21.84,26.2 1 1
iroha/pkg/tui/component_input.go:29.55,31.2 1 1
iroha/pkg/tui/component_input.go:34.53,35.31 1 1
iroha/pkg/tui/component_input.go:35.31,37.3 1 1
iroha/pkg/tui/component_input.go:39.2,39.18 1 1
iroha/pkg/tui/component_input.go:40.13,41.49 1 0
iroha/pkg/tui/component_input.go:41.49,43.4 1 0
iroha/pkg/tui/component_input.go:43.9,43.31 1 0
iroha/pkg/tui/component_input.go:43.31,46.4 2 0
iroha/pkg/tui/component_input.go:47.15,48.49 1 0
iroha/pkg/tui/component_input.go:48.49,50.4 1 0
iroha/pkg/tui/component_input.go:50.9,50.31 1 0
iroha/pkg/tui/component_input.go:50.31,53.4 2 0
iroha/pkg/tui/component_input.go:54.15,55.31 1 1
iroha/pkg/tui/component_input.go:55.31,57.4 1 1
iroha/pkg/tui/component_input.go:58.16,59.50 1 1
iroha/pkg/tui/component_input.go:59.50,61.4 1 1
iroha/pkg/tui/component_input.go:62.20,63.31 1 1
iroha/pkg/tui/component_input.go:63.31,67.4 3 1
iroha/pkg/tui/component_input.go:68.19,70.25 2 0
iroha/pkg/tui/component_input.go:71.14,72.80 1 0
iroha/pkg/tui/component_input.go:72.80,78.4 5 0
iroha/pkg/tui/component_input.go:79.14,80.49 1 0
iroha/pkg/tui/component_input.go:80.49,83.4 2 0
iroha/pkg/tui/component_input.go:84.16,85.80 1 1
iroha/pkg/tui/component_input.go:85.80,90.4 4 0
iroha/pkg/tui/component_input.go:92.3,93.21 2 1
iroha/pkg/tui/component_input.go:93.21,95.4 1 1
iroha/pkg/tui/component_input.go:97.3,97.39 1 1
iroha/pkg/tui/component_input.go:97.39,98.28 1 1
iroha/pkg/tui/component_input.go:98.28,100.5 1 1
iroha/pkg/tui/component_input.go:101.4,101.16 1 0
iroha/pkg/tui/component_input.go:104.3,104.25 1 1
iroha/pkg/tui/component_input.go:104.25,106.4 1 1
iroha/pkg/tui/component_input.go:109.3,110.27 2 1
iroha/pkg/tui/component_input.go:112.15,115.23 3 1
iroha/pkg/tui/component_input.go:116.10,117.15 1 0
iroha/pkg/tui/component_input.go:119.2,119.13 1 1
iroha/pkg/tui/component_input.go:123.70,124.56 1 1
iroha/pkg/tui/component_input.go:124.56,126.3 1 1
iroha/pkg/tui/component_input.go:130.54,135.23 5 1
iroha/pkg/tui/component_input.go:135.23,137.3 1 0
iroha/pkg/tui/component_input.go:139.2,141.31 3 1
iroha/pkg/tui/component_input.go:141.31,142.13 1 1
iroha/pkg/tui/component_input.go:142.13,144.12 2 1
iroha/pkg/tui/component_input.go:146.3,146.39 1 1
iroha/pkg/tui/component_input.go:148.2,148.14 1 1
iroha/pkg/tui/component_input.go:152.64,154.2 1 1
iroha/pkg/tui/component_input.go:156.45,157.25 1 1
iroha/pkg/tui/component_input.go:157.25,159.3 1 1
iroha/pkg/tui/component_input.go:160.2,161.28 2 0
iroha/pkg/tui/component_input.go:165.35,168.2 2 1
iroha/pkg/tui/component_screens.go:39.44,44.2 1 1
iroha/pkg/tui/component_screens.go:47.56,49.2 1 1
iroha/pkg/tui/component_screens.go:52.54,53.18 1 1
iroha/pkg/tui/component_screens.go:54.13,55.36 1 1
iroha/pkg/tui/component_screens.go:55.36,56.30 1 1
iroha/pkg/tui/component_screens.go:56.30,58.5 1 1
iroha/pkg/tui/component_screens.go:59.9,60.31 1 0
iroha/pkg/tui/component_screens.go:60.31,62.5 1 0
iroha/pkg/tui/component_screens.go:64.15,65.36 1 1
iroha/pkg/tui/component_screens.go:65.36,66.49 1 1
iroha/pkg/tui/component_screens.go:66.49,68.5 1 1
iroha/pkg/tui/component_screens.go:69.9,70.50 1 1
iroha/pkg/tui/component_screens.go:70.50,72.5 1 1
iroha/pkg/tui/component_screens.go:74.16,75.36 1 1
iroha/pkg/tui/component_screens.go:75.36,76.73 1 1
iroha/pkg/tui/component_screens.go:76.73,78.5 1 1
iroha/pkg/tui/component_screens.go:79.9,80.32 1 1
iroha/pkg/tui/component_screens.go:80.32,81.31 1 1
iroha/pkg/tui/component_screens.go:81.31,83.6 1 1
iroha/pkg/tui/component_screens.go:84.10,86.64 2 0
iroha/pkg/tui/component_screens.go:86.64,88.6 1 0
iroha/pkg/tui/component_screens.go:91.10,92.15 1 0
iroha/pkg/tui/component_screens.go:94.2,94.13 1 1
iroha/pkg/tui/component_screens.go:98.71,99.39 1 1
iroha/pkg/tui/component_screens.go:99.39,101.3 1 1
iroha/pkg/tui/component_screens.go:101.8,101.43 1 1
iroha/pkg/tui/component_screens.go:101.43,103.3 1 1
iroha/pkg/tui/component_screens.go:107.50,109.2 1 0
iroha/pkg/tui/component_screens.go:112.65,114.2 1 1
iroha/pkg/tui/component_screens.go:117.55,120.35 2 1
iroha/pkg/tui/component_screens.go:120.35,122.3 1 1
iroha/pkg/tui/component_screens.go:123.2,123.33 1 1
iroha/pkg/tui/component_screens.go:126.62,134.38 6 1
iroha/pkg/tui/component_screens.go:134.38,135.30 1 1
iroha/pkg/tui/component_screens.go:135.30,141.4 5 1
iroha/pkg/tui/component_screens.go:141.9,145.4 3 1
iroha/pkg/tui/component_screens.go:146.3,146.28 1 1
iroha/pkg/tui/component_screens.go:149.2,151.14 2 1
iroha/pkg/tui/component_screens.go:154.59,163.30 6 1
iroha/pkg/tui/component_screens.go:163.30,169.3 5 1
iroha/pkg/tui/component_screens.go:169.8,173.3 3 0
iroha/pkg/tui/component_screens.go:174.2,176.39 2 1
iroha/pkg/tui/component_screens.go:176.39,177.33 1 1
iroha/pkg/tui/component_screens.go:177.33,181.4 3 0
iroha/pkg/tui/component_screens.go:181.9,183.4 1 1
iroha/pkg/tui/component_screens.go:184.3,184.28 1 1
iroha/pkg/tui/component_screens.go:187.2,189.14 2 1
iroha/pkg/tui/component_slash_menu.go:15.74,19.2 1 1
iroha/pkg/tui/component_slash_menu.go:22.59,24.2 1 1
iroha/pkg/tui/component_slash_menu.go:27.57,28.16 1 1
iroha/pkg/tui/component_slash_menu.go:28.16,30.3 1 1
iroha/pkg/tui/component_slash_menu.go:31.2,31.18 1 1
iroha/pkg/tui/component_slash_menu.go:32.13,33.14 1 1
iroha/pkg/tui/component_slash_menu.go:34.15,35.16 1 1
iroha/pkg/tui/component_slash_menu.go:36.14,37.13 1 1
iroha/pkg/tui/component_slash_menu.go:38.24,39.24 1 0
iroha/pkg/tui/component_slash_menu.go:39.24,41.4 1 0
iroha/pkg/tui/component_slash_menu.go:42.10,43.15 1 0
iroha/pkg/tui/component_slash_menu.go:45.2,45.13 1 1
iroha/pkg/tui/component_slash_menu.go:49.75,49.76 0 1
iroha/pkg/tui/component_slash_menu.go:52.52,53.36 1 1
iroha/pkg/tui/component_slash_menu.go:53.36,57.3 3 1
iroha/pkg/tui/component_slash_menu.go:58.2,61.29 4 1
iroha/pkg/tui/component_slash_menu.go:61.29,62.62 1 1
iroha/pkg/tui/component_slash_menu.go:62.62,64.4 1 1
iroha/pkg/tui/component_slash_menu.go:66.2,67.23 2 1
iroha/pkg/tui/component_slash_menu.go:67.23,70.3 2 1
iroha/pkg/tui/component_slash_menu.go:71.2,71.31 1 1
iroha/pkg/tui/component_slash_menu.go:71.31,73.3 1 0
iroha/pkg/tui/component_slash_menu.go:77.40,78.24 1 1
iroha/pkg/tui/component_slash_menu.go:78.24,80.3 1 0
iroha/pkg/tui/component_slash_menu.go:81.2,81.59 1 1
iroha/pkg/tui/component_slash_menu.go:85.42,86.24 1 1
iroha/pkg/tui/component_slash_menu.go:86.24,88.3 1 0
iroha/pkg/tui/component_slash_menu.go:89.2,89.43 1 1
iroha/pkg/tui/component_slash_menu.go:93.39,97.2 3 1
iroha/pkg/tui/component_slash_menu.go:100.58,101.38 1 1
iroha/pkg/tui/component_slash_menu.go:101.38,103.3 1 1
iroha/pkg/tui/component_slash_menu.go:104.2,105.31 2 1
iroha/pkg/tui/component_slash_menu.go:105.31,107.20 2 1
iroha/pkg/tui/component_slash_menu.go:107.20,109.4 1 1
iroha/pkg/tui/component_slash_menu.go:110.3,110.66 1 1
iroha/pkg/tui/component_slash_menu.go:112.2,112.14 1 1
iroha/pkg/tui/component_status.go:28.50,30.2 1 1
iroha/pkg/tui/component_status.go:33.59,35.2 1 1
iroha/pkg/tui/component_status.go:38.57,40.2 1 1
iroha/pkg/tui/component_status.go:43.74,45.2 1 1
iroha/pkg/tui/component_status.go:48.71,51.2 2 1
iroha/pkg/tui/component_status.go:54.70,56.2 1 1
iroha/pkg/tui/component_status.go:59.58,61.2 1 1
iroha/pkg/tui/component_status.go:64.69,67.2 2 1
iroha/pkg/tui/component_status.go:70.58,72.2 1 1
iroha/pkg/tui/component_status.go:75.58,78.19 3 1
iroha/pkg/tui/component_status.go:78.19,80.3 1 0
iroha/pkg/tui/component_status.go:82.2,84.86 3 1
iroha/pkg/tui/component_status.go:84.86,87.3 2 0
iroha/pkg/tui/component_status.go:87.8,87.34 1 1
iroha/pkg/tui/component_status.go:87.34,91.25 4 0
iroha/pkg/tui/component_status.go:91.25,93.4 1 0
iroha/pkg/tui/component_status.go:94.3,94.63 1 0
iroha/pkg/tui/component_status.go:95.8,95.68 1 1
iroha/pkg/tui/component_status.go:95.68,99.3 3 0
iroha/pkg/tui/component_status.go:99.8,101.3 1 1
iroha/pkg/tui/component_status.go:103.2,103.40 1 1
iroha/pkg/tui/component_status.go:103.40,105.25 2 1
iroha/pkg/tui/component_status.go:105.25,107.4 1 0
iroha/pkg/tui/component_status.go:108.3,108.73 1 1
iroha/pkg/tui/component_status.go:111.2,112.24 2 1
iroha/pkg/tui/component_status.go:112.24,114.29 2 1
iroha/pkg/tui/component_status.go:114.29,116.4 1 1
iroha/pkg/tui/component_status.go:116.9,118.4 1 0
iroha/pkg/tui/component_status.go:119.3,119.25 1 1
iroha/pkg/tui/component_status.go:119.25,121.29 2 1
iroha/pkg/tui/component_status.go:121.29,123.5 1 0
iroha/pkg/tui/component_status.go:123.10,125.5 1 1
iroha/pkg/tui/component_status.go:126.4,126.56 1 1
iroha/pkg/tui/component_status.go:127.9,129.4 1 0
iroha/pkg/tui/component_status.go:130.8,132.3 1 1
iroha/pkg/tui/component_status.go:133.2,139.16 5 1
iroha/pkg/tui/component_status.go:139.16,141.3 1 1
iroha/pkg/tui/component_status.go:143.2,144.49 2 1
iroha/pkg/tui/doctor.go:21.30,32.16 7 0
iroha/pkg/tui/doctor.go:32.16,34.3 1 0
iroha/pkg/tui/doctor.go:34.8,37.24 3 0
iroha/pkg/tui/doctor.go:37.24,39.4 1 0
iroha/pkg/tui/doctor.go:39.9,41.4 1 0
iroha/pkg/tui/doctor.go:44.3,44.23 1 0
iroha/pkg/tui/doctor.go:44.23,46.23 2 0
iroha/pkg/tui/doctor.go:46.23,48.5 1 0
iroha/pkg/tui/doctor.go:48.10,50.5 1 0
iroha/pkg/tui/doctor.go:51.4,52.90 1 0
iroha/pkg/tui/doctor.go:53.9,56.4 1 0
iroha/pkg/tui/doctor.go:58.3,59.92 2 0
iroha/pkg/tui/doctor.go:61.2,66.37 4 0
iroha/pkg/tui/doctor.go:66.37,68.3 1 0
iroha/pkg/tui/doctor.go:68.8,68.23 1 0
iroha/pkg/tui/doctor.go:68.23,70.27 2 0
iroha/pkg/tui/doctor.go:70.27,72.4 1 0
iroha/pkg/tui/doctor.go:76.2,76.87 1 0
iroha/pkg/tui/doctor.go:76.87,78.3 1 0
iroha/pkg/tui/doctor.go:80.2,87.19 5 0
iroha/pkg/tui/doctor.go:87.19,92.17 4 0
iroha/pkg/tui/doctor.go:92.17,95.4 1 0
iroha/pkg/tui/doctor.go:95.9,101.4 3 0
iroha/pkg/tui/doctor.go:102.8,105.3 1 0
iroha/pkg/tui/doctor.go:106.2,111.91 4 0
iroha/pkg/tui/doctor.go:111.91,114.3 1 0
iroha/pkg/tui/doctor.go:114.8,127.39 9 0
iroha/pkg/tui/doctor.go:127.39,129.4 1 0
iroha/pkg/tui/doctor.go:131.3,131.21 1 0
iroha/pkg/tui/doctor.go:131.21,134.4 1 0
iroha/pkg/tui/doctor.go:134.9,137.4 1 0
iroha/pkg/tui/doctor.go:139.2,156.29 4 0
iroha/pkg/tui/doctor.go:156.29,158.17 2 0
iroha/pkg/tui/doctor.go:158.17,161.4 1 0
iroha/pkg/tui/doctor.go:161.9,166.51 4 0
iroha/pkg/tui/doctor.go:166.51,168.5 1 0
iroha/pkg/tui/doctor.go:170.4,170.22 1 0
iroha/pkg/tui/doctor.go:170.22,172.5 1 0
iroha/pkg/tui/doctor.go:174.4,178.26 1 0
iroha/pkg/tui/doctor.go:181.2,204.38 11 0
iroha/pkg/tui/focus.go:24.45,26.2 1 1
iroha/pkg/tui/focus.go:29.32,31.2 1 1
iroha/pkg/tui/focus.go:34.48,36.2 1 1
iroha/pkg/tui/history.go:40.38,45.2 1 1
iroha/pkg/tui/history.go:48.48,49.23 1 1
iroha/pkg/tui/history.go:49.23,51.3 1 1
iroha/pkg/tui/history.go:52.2,52.38 1 1
iroha/pkg/tui/history.go:59.61,61.2 1 1
iroha/pkg/tui/history.go:66.84,67.56 1 1
iroha/pkg/tui/history.go:67.56,68.52 1 1
iroha/pkg/tui/history.go:68.52,70.4 1 1
iroha/pkg/tui/history.go:73.2,74.34 2 1
iroha/pkg/tui/history.go:74.34,77.3 2 1
iroha/pkg/tui/history.go:78.2,81.81 3 1
iroha/pkg/tui/history.go:81.81,84.3 1 1
iroha/pkg/tui/history.go:85.2,89.28 4 1
iroha/pkg/tui/history.go:89.28,91.3 1 1
iroha/pkg/tui/history.go:93.2,96.34 3 1
iroha/pkg/tui/history.go:100.44,103.2 2 1
iroha/pkg/tui/history.go:106.46,108.24 2 1
iroha/pkg/tui/history.go:108.24,110.3 1 1
iroha/pkg/tui/history.go:114.51,115.17 1 1
iroha/pkg/tui/history.go:115.17,117.3 1 1
iroha/pkg/tui/history.go:118.2,120.34 3 1
iroha/pkg/tui/history.go:120.34,121.62 1 1
iroha/pkg/tui/history.go:121.62,123.4 1 1
iroha/pkg/tui/history.go:125.2,125.16 1 1
iroha/pkg/tui/history.go:129.42,133.2 3 1
iroha/pkg/tui/history.go:136.34,138.2 1 1
iroha/pkg/tui/history.go:141.43,143.2 1 1
iroha/pkg/tui/history.go:146.85,148.28 1 1
iroha/pkg/tui/history.go:148.28,149.45 1 1
iroha/pkg/tui/history.go:149.45,151.4 1 1
iroha/pkg/tui/history.go:155.2,155.28 1 1
iroha/pkg/tui/history.go:155.28,158.3 2 1
iroha/pkg/tui/history.go:160.2,161.20 2 1
iroha/pkg/tui/history.go:162.16,163.55 1 1
iroha/pkg/tui/history.go:164.17,165.91 1 1
iroha/pkg/tui/history.go:166.28,167.27 1 1
iroha/pkg/tui/history.go:170.2,174.14 3 1
iroha/pkg/tui/history.go:178.44,179.27 1 1
iroha/pkg/tui/history.go:179.27,181.3 1 1
iroha/pkg/tui/history.go:182.2,183.32 2 1
iroha/pkg/tui/history.go:183.32,185.3 1 1
iroha/pkg/tui/history.go:186.2,186.24 1 1
iroha/pkg/tui/history.go:186.24,188.3 1 0
iroha/pkg/tui/history.go:192.46,194.2 1 1
iroha/pkg/tui/history.go:197.38,199.2 1 1
iroha/pkg/tui/history.go:202.46,203.20 1 1
iroha/pkg/tui/history.go:203.20,205.3 1 0
iroha/pkg/tui/history.go:206.2,206.23 1 1
iroha/pkg/tui/history.go:210.48,211.20 1 1
iroha/pkg/tui/history.go:211.20,213.3 1 0
iroha/pkg/tui/history.go:214.2,214.25 1 1
iroha/pkg/tui/history.go:218.32,220.2 1 1
iroha/pkg/tui/input.go:9.42,14.2 1 1
iroha/pkg/tui/input.go:16.44,17.16 1 1
iroha/pkg/tui/input.go:17.16,19.3 1 1
iroha/pkg/tui/input.go:21.2,21.60 1 1
iroha/pkg/tui/input.go:21.60,24.3 2 1
iroha/pkg/tui/input.go:25.2,26.26 2 1
iroha/pkg/tui/input.go:29.39,30.24 1 1
iroha/pkg/tui/input.go:30.24,32.3 1 1
iroha/pkg/tui/input.go:33.2,33.18 1 1
iroha/pkg/tui/input.go:33.18,35.3 1 1
iroha/pkg/tui/input.go:36.2,36.27 1 1
iroha/pkg/tui/input.go:39.41,40.24 1 1
iroha/pkg/tui/input.go:40.24,42.3 1 1
iroha/pkg/tui/input.go:43.2,43.32 1 1
iroha/pkg/tui/input.go:43.32,46.3 2 1
iroha/pkg/tui/input.go:47.2,48.11 2 1
iroha/pkg/tui/model.go:53.35,54.11 1 1
iroha/pkg/tui/model.go:55.19,56.18 1 1
iroha/pkg/tui/model.go:57.21,58.20 1 1
iroha/pkg/tui/model.go:59.22,60.21 1 1
iroha/pkg/tui/model.go:61.23,62.22 1 1
iroha/pkg/tui/model.go:63.29,64.28 1 1
iroha/pkg/tui/model.go:65.26,66.25 1 1
iroha/pkg/tui/model.go:67.10,68.19 1 1
iroha/pkg/tui/raw_input.go:45.67,47.16 2 0
iroha/pkg/tui/raw_input.go:47.16,49.3 1 0
iroha/pkg/tui/raw_input.go:50.2,53.6 3 0
iroha/pkg/tui/raw_input.go:53.6,54.10 1 0
iroha/pkg/tui/raw_input.go:55.21,56.20 1 0
iroha/pkg/tui/raw_input.go:57.11,57.11 0 0
iroha/pkg/tui/raw_input.go:60.3,61.17 2 0
iroha/pkg/tui/raw_input.go:61.17,62.21 1 0
iroha/pkg/tui/raw_input.go:62.21,64.5 1 0
iroha/pkg/tui/raw_input.go:65.4,65.14 1 0
iroha/pkg/tui/raw_input.go:68.3,68.13 1 0
iroha/pkg/tui/raw_input.go:68.13,69.12 1 0
iroha/pkg/tui/raw_input.go:72.3,73.26 2 0
iroha/pkg/tui/raw_input.go:73.26,74.17 1 0
iroha/pkg/tui/raw_input.go:74.17,76.5 1 0
iroha/pkg/tui/raw_input.go:81.33,85.17 3 1
iroha/pkg/tui/raw_input.go:85.17,86.16 1 1
iroha/pkg/tui/raw_input.go:86.16,89.12 3 0
iroha/pkg/tui/raw_input.go:91.3,91.16 1 1
iroha/pkg/tui/raw_input.go:91.16,94.12 3 0
iroha/pkg/tui/raw_input.go:96.3,96.17 1 1
iroha/pkg/tui/raw_input.go:96.17,99.12 3 0
iroha/pkg/tui/raw_input.go:101.3,101.31 1 1
iroha/pkg/tui/raw_input.go:101.31,104.12 3 0
iroha/pkg/tui/raw_input.go:106.3,106.16 1 1
iroha/pkg/tui/raw_input.go:106.16,109.12 3 0
iroha/pkg/tui/raw_input.go:111.3,111.31 1 1
iroha/pkg/tui/raw_input.go:111.31,114.12 3 0
iroha/pkg/tui/raw_input.go:118.3,118.17 1 1
iroha/pkg/tui/raw_input.go:118.17,119.20 1 1
iroha/pkg/tui/raw_input.go:119.20,121.37 1 1
iroha/pkg/tui/raw_input.go:121.37,124.14 3 0
iroha/pkg/tui/raw_input.go:127.5,127.22 1 1
iroha/pkg/tui/raw_input.go:127.22,128.39 1 1
iroha/pkg/tui/raw_input.go:128.39,129.51 1 1
iroha/pkg/tui/raw_input.go:129.51,130.62 1 1
iroha/pkg/tui/raw_input.go:130.62,132.9 1 1
iroha/pkg/tui/raw_input.go:133.8,134.16 2 1
iroha/pkg/tui/raw_input.go:137.6,137.22 1 0
iroha/pkg/tui/raw_input.go:137.22,138.21 1 0
iroha/pkg/tui/raw_input.go:139.16,142.16 3 0
iroha/pkg/tui/raw_input.go:143.16,146.16 3 0
iroha/pkg/tui/raw_input.go:147.16,150.16 3 0
iroha/pkg/tui/raw_input.go:151.16,154.16 3 0
iroha/pkg/tui/raw_input.go:155.16,158.16 3 0
iroha/pkg/tui/raw_input.go:162.6,162.39 1 0
iroha/pkg/tui/raw_input.go:162.39,163.24 1 0
iroha/pkg/tui/raw_input.go:163.24,166.16 3 0
iroha/pkg/tui/raw_input.go:168.7,168.24 1 0
iroha/pkg/tui/raw_input.go:168.24,171.16 3 0
iroha/pkg/tui/raw_input.go:177.4,179.12 3 0
iroha/pkg/tui/raw_input.go:183.3,185.10 3 1
iroha/pkg/tui/raw_input.go:188.2,188.13 1 1
iroha/pkg/tui/raw_input.go:191.58,193.53 2 1
iroha/pkg/tui/raw_input.go:193.53,195.3 1 1
iroha/pkg/tui/raw_input.go:196.2,196.19 1 1
iroha/pkg/tui/raw_input.go:196.19,198.3 1 0
iroha/pkg/tui/raw_input.go:200.2,201.50 2 1
iroha/pkg/tui/raw_input.go:201.50,202.31 1 1
iroha/pkg/tui/raw_input.go:202.31,204.4 1 0
iroha/pkg/tui/raw_input.go:205.3,205.37 1 1
iroha/pkg/tui/raw_input.go:208.2,209.20 2 1
iroha/pkg/tui/raw_input.go:210.10,211.71 1 1
iroha/pkg/tui/raw_input.go:212.10,213.73 1 1
iroha/pkg/tui/raw_input.go:214.10,215.67 1 1
iroha/pkg/tui/raw_input.go:219.39,220.17 1 1
iroha/pkg/tui/raw_input.go:220.17,222.3 1 0
iroha/pkg/tui/raw_input.go:223.2,224.25 2 1
iroha/pkg/tui/raw_input.go:224.25,226.3 1 0
iroha/pkg/tui/raw_input.go:227.2,227.16 1 1
iroha/pkg/tui/renderer.go:21.49,26.2 1 1
iroha/pkg/tui/renderer.go:29.31,32.2 2 0
iroha/pkg/tui/renderer.go:35.73,37.25 1 1
iroha/pkg/tui/renderer.go:37.25,40.3 2 0
iroha/pkg/tui/renderer.go:43.2,44.32 2 1
iroha/pkg/tui/renderer.go:44.32,46.30 2 1
iroha/pkg/tui/renderer.go:46.30,49.4 2 1
iroha/pkg/tui/renderer.go:51.2,57.26 4 1
iroha/pkg/tui/renderer.go:57.26,59.33 1 1
iroha/pkg/tui/renderer.go:59.33,60.27 1 1
iroha/pkg/tui/renderer.go:60.27,62.5 1 1
iroha/pkg/tui/renderer.go:62.10,64.5 1 1
iroha/pkg/tui/renderer.go:66.3,67.29 2 1
iroha/pkg/tui/renderer.go:68.8,72.29 3 1
iroha/pkg/tui/renderer.go:72.29,74.4 1 0
iroha/pkg/tui/renderer.go:76.3,76.31 1 1
iroha/pkg/tui/renderer.go:76.31,77.36 1 1
iroha/pkg/tui/renderer.go:77.36,79.10 2 1
iroha/pkg/tui/renderer.go:84.3,84.70 1 1
iroha/pkg/tui/renderer.go:84.70,86.4 1 0
iroha/pkg/tui/renderer.go:89.3,89.71 1 1
iroha/pkg/tui/renderer.go:89.71,90.35 1 1
iroha/pkg/tui/renderer.go:90.35,93.20 2 1
iroha/pkg/tui/renderer.go:93.20,95.6 1 0
iroha/pkg/tui/renderer.go:96.10,99.5 1 0
iroha/pkg/tui/renderer.go:102.4,102.47 1 1
iroha/pkg/tui/renderer.go:102.47,108.28 4 1
iroha/pkg/tui/renderer.go:108.28,110.6 1 0
iroha/pkg/tui/renderer.go:110.11,112.6 1 1
iroha/pkg/tui/renderer.go:116.4,116.39 1 1
iroha/pkg/tui/renderer.go:116.39,118.32 2 0
iroha/pkg/tui/renderer.go:118.32,120.6 1 0
iroha/pkg/tui/renderer.go:122.5,122.42 1 0
iroha/pkg/tui/renderer.go:126.4,127.30 2 1
iroha/pkg/tui/renderer.go:133.2,133.21 1 1
iroha/pkg/tui/renderer.go:133.21,135.13 2 0
iroha/pkg/tui/renderer.go:135.13,137.4 1 0
iroha/pkg/tui/renderer.go:139.3,139.22 1 0
iroha/pkg/tui/renderer.go:139.22,141.4 1 0
iroha/pkg/tui/renderer.go:141.9,143.4 1 0
iroha/pkg/tui/renderer.go:144.3,144.23 1 0
iroha/pkg/tui/styles.go:42.32,43.12 1 1
iroha/pkg/tui/styles.go:43.12,45.3 1 0
iroha/pkg/tui/styles.go:46.2,46.10 1 1
iroha/pkg/tui/styles.go:107.35,110.2 2 0
iroha/pkg/tui/view.go:30.27,34.2 3 0
iroha/pkg/tui/view.go:40.53,47.29 7 1
iroha/pkg/tui/view.go:47.29,49.3 1 1
iroha/pkg/tui/view.go:50.2,50.14 1 1
iroha/pkg/tui/view.go:54.40,56.2 1 0
iroha/pkg/tui/view.go:61.60,64.34 3 1
iroha/pkg/tui/view.go:64.34,66.3 1 0
iroha/pkg/tui/view.go:67.2,71.9 4 1
iroha/pkg/tui/view.go:71.9,77.17 3 1
iroha/pkg/tui/view.go:77.17,80.4 2 0
iroha/pkg/tui/view.go:81.3,81.27 1 1
iroha/pkg/tui/view.go:83.2,85.16 3 1
iroha/pkg/tui/view.go:85.16,87.3 1 0
iroha/pkg/tui/view.go:90.2,91.29 2 1
iroha/pkg/tui/view.go:91.29,93.57 2 1
iroha/pkg/tui/view.go:93.57,95.4 1 0
iroha/pkg/tui/view.go:95.9,95.64 1 1
iroha/pkg/tui/view.go:95.64,97.4 1 0
iroha/pkg/tui/view.go:99.2,99.34 1 1
iroha/pkg/tui/view.go:102.53,105.29 3 1
iroha/pkg/tui/view.go:105.29,107.66 2 1
iroha/pkg/tui/view.go:107.66,108.12 1 0
iroha/pkg/tui/view.go:110.3,110.26 1 1
iroha/pkg/tui/view.go:112.2,112.76 1 1
iroha/pkg/tui/view.go:112.76,114.3 1 1
iroha/pkg/tui/view.go:115.2,115.12 1 1
iroha/pkg/tui/view.go:118.45,120.19 2 1
iroha/pkg/tui/view.go:120.19,122.3 1 1
iroha/pkg/tui/view.go:123.2,123.55 1 1
iroha/pkg/tui/view.go:127.65,129.2 1 1
iroha/pkg/tui/view.go:132.104,151.24 10 1
iroha/pkg/tui/view.go:151.24,153.3 1 1
iroha/pkg/tui/view.go:153.8,153.31 1 1
iroha/pkg/tui/view.go:153.31,155.3 1 1
iroha/pkg/tui/view.go:155.8,155.31 1 1
iroha/pkg/tui/view.go:155.31,157.3 1 1
iroha/pkg/tui/view.go:157.8,157.31 1 1
iroha/pkg/tui/view.go:157.31,159.3 1 1
iroha/pkg/tui/view.go:159.8,159.31 1 0
iroha/pkg/tui/view.go:159.31,161.3 1 0
iroha/pkg/tui/view.go:163.2,177.13 13 1
iroha/pkg/tui/view.go:177.13,178.17 1 0
iroha/pkg/tui/view.go:178.17,180.4 1 0
iroha/pkg/tui/view.go:180.9,182.4 1 0
iroha/pkg/tui/view.go:184.2,187.89 3 1
iroha/pkg/tui/view.go:187.89,189.3 1 0
iroha/pkg/tui/view.go:189.8,189.46 1 1
iroha/pkg/tui/view.go:189.46,191.3 1 0
iroha/pkg/tui/view.go:193.2,200.37 2 1
iroha/pkg/tui/view.go:204.59,208.19 3 1
iroha/pkg/tui/view.go:208.19,210.3 1 0
iroha/pkg/tui/view.go:212.2,219.41 6 1
iroha/pkg/tui/view.go:237.70,241.38 3 0
iroha/pkg/tui/view.go:241.38,243.32 2 0
iroha/pkg/tui/view.go:243.32,245.4 1 0
iroha/pkg/tui/view.go:245.9,247.4 1 0
iroha/pkg/tui/view.go:248.3,253.4 1 0
iroha/pkg/tui/view.go:257.2,264.22 2 0
iroha/pkg/tui/view.go:268.35,270.22 2 1
iroha/pkg/tui/view.go:270.22,272.3 1 1
iroha/pkg/tui/view.go:274.2,274.60 1 0
iroha/pkg/tui/view.go:278.35,280.35 2 1
iroha/pkg/tui/view.go:280.35,282.3 1 1
iroha/pkg/tui/view.go:284.2,291.26 6 0
iroha/pkg/tui/view.go:291.26,295.30 3 0
iroha/pkg/tui/view.go:295.30,298.4 2 0
iroha/pkg/tui/view.go:298.9,298.39 1 0
iroha/pkg/tui/view.go:298.39,301.4 2 0
iroha/pkg/tui/view.go:301.9,301.35 1 0
iroha/pkg/tui/view.go:301.35,304.4 2 0
iroha/pkg/tui/view.go:304.9,308.4 3 0
iroha/pkg/tui/view.go:311.2,315.25 4 0
iroha/pkg/tui/view.go:315.25,317.3 1 0
iroha/pkg/tui/view.go:318.2,318.20 1 0
iroha/pkg/tui/view.go:318.20,320.3 1 0
iroha/pkg/tui/view.go:321.2,321.22 1 0
iroha/pkg/tui/view.go:321.22,323.3 1 0
iroha/pkg/tui/view.go:324.2,324.24 1 0
iroha/pkg/tui/view.go:324.24,326.3 1 0
iroha/pkg/tui/view.go:328.2,333.15 5 0
iroha/pkg/tui/view.go:333.15,335.3 1 0
iroha/pkg/tui/view.go:336.2,338.49 2 0
iroha/pkg/tui/view.go:342.33,344.35 2 0
iroha/pkg/tui/view.go:344.35,346.3 1 0
iroha/pkg/tui/view.go:348.2,355.26 6 0
iroha/pkg/tui/view.go:355.26,359.30 3 0
iroha/pkg/tui/view.go:359.30,362.4 2 0
iroha/pkg/tui/view.go:362.9,362.39 1 0
iroha/pkg/tui/view.go:362.39,365.4 2 0
iroha/pkg/tui/view.go:365.9,365.35 1 0
iroha/pkg/tui/view.go:365.35,368.4 2 0
iroha/pkg/tui/view.go:368.9,372.4 3 0
iroha/pkg/tui/view.go:375.2,378.25 3 0
iroha/pkg/tui/view.go:378.25,381.3 2 0
iroha/pkg/tui/view.go:382.2,382.20 1 0
iroha/pkg/tui/view.go:382.20,385.3 2 0
iroha/pkg/tui/view.go:386.2,386.22 1 0
iroha/pkg/tui/view.go:386.22,389.3 2 0
iroha/pkg/tui/view.go:390.2,390.24 1 0
iroha/pkg/tui/view.go:390.24,393.3 2 0
iroha/pkg/tui/view.go:395.2,398.15 4 0
iroha/pkg/tui/view.go:398.15,400.3 1 0
iroha/pkg/tui/view.go:401.2,403.52 2 0
iroha/pkg/tui/view.go:407.40,408.16 1 1
iroha/pkg/tui/view.go:408.16,410.3 1 0
iroha/pkg/tui/view.go:412.2,416.268 4 1
iroha/pkg/tui/view.go:416.268,422.3 1 0
iroha/pkg/tui/view.go:422.8,422.127 1 1
iroha/pkg/tui/view.go:422.127,427.3 1 0
iroha/pkg/tui/view.go:427.8,432.3 1 1
iroha/pkg/tui/view.go:434.2,436.27 3 1
iroha/pkg/tui/view.go:436.27,438.3 1 1
iroha/pkg/tui/view.go:440.2,440.45 1 1
iroha/pkg/tui/view.go:444.38,445.17 1 1
iroha/pkg/tui/view.go:445.17,447.3 1 0
iroha/pkg/tui/view.go:448.2,448.40 1 1
iroha/pkg/tui/view.go:448.40,449.18 1 0
iroha/pkg/tui/view.go:449.18,451.4 1 0
iroha/pkg/tui/view.go:452.3,453.79 2 0
iroha/pkg/tui/view.go:453.79,454.37 1 0
iroha/pkg/tui/view.go:454.37,456.5 1 0
iroha/pkg/tui/view.go:458.3,458.27 1 0
iroha/pkg/tui/view.go:458.27,459.96 1 0
iroha/pkg/tui/view.go:459.96,460.13 1 0
iroha/pkg/tui/view.go:462.4,462.58 1 0
iroha/pkg/tui/view.go:464.3,464.21 1 0
iroha/pkg/tui/view.go:464.21,466.4 1 0
iroha/pkg/tui/view.go:467.3,467.12 1 0
iroha/pkg/tui/view.go:470.2,471.33 2 1
iroha/pkg/tui/view.go:471.33,473.3 1 1
iroha/pkg/tui/view.go:474.2,474.32 1 0
iroha/pkg/tui/view.go:478.55,480.40 2 1
iroha/pkg/tui/view.go:480.40,482.3 1 1
iroha/pkg/tui/view.go:484.2,484.40 1 1
iroha/pkg/tui/view.go:484.40,485.20 1 1
iroha/pkg/tui/view.go:485.20,487.4 1 1
iroha/pkg/tui/view.go:488.3,488.26 1 1
iroha/pkg/tui/view.go:488.26,489.40 1 1
iroha/pkg/tui/view.go:489.40,490.36 1 1
iroha/pkg/tui/view.go:490.36,492.6 1 1
iroha/pkg/tui/view.go:493.5,493.34 1 0
iroha/pkg/tui/view.go:496.3,496.12 1 0
iroha/pkg/tui/view.go:499.2,499.14 1 1
iroha/pkg/tui/view.go:500.19,502.17 2 0
iroha/pkg/tui/view.go:502.17,504.4 1 0
iroha/pkg/tui/view.go:505.3,505.21 1 0
iroha/pkg/tui/view.go:506.20,508.17 2 0
iroha/pkg/tui/view.go:508.17,510.4 1 0
iroha/pkg/tui/view.go:511.3,511.22 1 0
iroha/pkg/tui/view.go:512.19,514.17 2 0
iroha/pkg/tui/view.go:514.17,516.4 1 0
iroha/pkg/tui/view.go:517.3,517.21 1 0
iroha/pkg/tui/view.go:518.25,519.41 1 0
iroha/pkg/tui/view.go:520.24,522.17 2 0
iroha/pkg/tui/view.go:522.17,524.4 1 0
iroha/pkg/tui/view.go:525.3,525.26 1 0
iroha/pkg/tui/view.go:526.21,528.20 2 0
iroha/pkg/tui/view.go:528.20,530.4 1 0
iroha/pkg/tui/view.go:531.3,531.26 1 0
iroha/pkg/tui/view.go:532.20,534.20 2 0
iroha/pkg/tui/view.go:534.20,536.4 1 0
iroha/pkg/tui/view.go:537.3,537.22 1 0
iroha/pkg/tui/view.go:538.19,540.16 2 1
iroha/pkg/tui/view.go:540.16,542.4 1 1
iroha/pkg/tui/view.go:543.3,543.32 1 1
iroha/pkg/tui/view.go:544.14,546.17 2 0
iroha/pkg/tui/view.go:546.17,548.4 1 0
iroha/pkg/tui/view.go:549.3,549.23 1 0
iroha/pkg/tui/view.go:550.21,552.20 2 0
iroha/pkg/tui/view.go:552.20,554.4 1 0
iroha/pkg/tui/view.go:555.3,555.37 1 0
iroha/pkg/tui/view.go:556.21,557.39 1 0
iroha/pkg/tui/view.go:558.23,560.18 2 0
iroha/pkg/tui/view.go:560.18,562.4 1 0
iroha/pkg/tui/view.go:563.3,563.41 1 0
iroha/pkg/tui/view.go:564.23,566.20 2 0
iroha/pkg/tui/view.go:566.20,568.4 1 0
iroha/pkg/tui/view.go:569.3,569.39 1 0
iroha/pkg/tui/view.go:570.23,572.20 2 0
iroha/pkg/tui/view.go:572.20,574.4 1 0
iroha/pkg/tui/view.go:575.3,575.39 1 0
iroha/pkg/tui/view.go:576.22,577.43 1 0
iroha/pkg/tui/view.go:578.21,580.15 2 0
iroha/pkg/tui/view.go:580.15,582.4 1 0
iroha/pkg/tui/view.go:583.3,583.23 1 0
iroha/pkg/tui/view.go:584.21,586.15 2 0
iroha/pkg/tui/view.go:586.15,588.4 1 0
iroha/pkg/tui/view.go:589.3,589.23 1 0
iroha/pkg/tui/view.go:590.19,591.22 1 0
iroha/pkg/tui/view.go:592.18,594.15 2 0
iroha/pkg/tui/view.go:594.15,596.4 1 0
iroha/pkg/tui/view.go:597.3,597.28 1 0
iroha/pkg/tui/view.go:598.24,600.16 2 0
iroha/pkg/tui/view.go:600.16,602.4 1 0
iroha/pkg/tui/view.go:603.3,603.34 1 0
iroha/pkg/tui/view.go:604.26,605.34 1 0
iroha/pkg/tui/view.go:606.25,607.33 1 0
iroha/pkg/tui/view.go:608.23,609.32 1 0
iroha/pkg/tui/view.go:610.25,611.33 1 0
iroha/pkg/tui/view.go:612.24,614.20 2 0
iroha/pkg/tui/view.go:614.20,616.4 1 0
iroha/pkg/tui/view.go:617.3,617.32 1 0
iroha/pkg/tui/view.go:618.24,619.35 1 0
iroha/pkg/tui/view.go:620.22,622.22 2 0
iroha/pkg/tui/view.go:622.22,624.4 1 0
iroha/pkg/tui/view.go:625.3,625.38 1 0
iroha/pkg/tui/view.go:626.20,627.28 1 0
iroha/pkg/tui/view.go:628.19,629.35 1 0
iroha/pkg/tui/view.go:630.24,632.17 2 0
iroha/pkg/tui/view.go:632.17,634.4 1 0
iroha/pkg/tui/view.go:635.3,635.26 1 0
iroha/pkg/tui/view.go:636.19,638.16 2 0
iroha/pkg/tui/view.go:638.16,640.4 1 0
iroha/pkg/tui/view.go:641.3,641.26 1 0
iroha/pkg/tui/view.go:642.20,644.18 2 0
iroha/pkg/tui/view.go:644.18,646.4 1 0
iroha/pkg/tui/view.go:647.3,647.26 1 0
iroha/pkg/tui/view.go:648.25,650.20 2 0
iroha/pkg/tui/view.go:650.20,652.4 1 0
iroha/pkg/tui/view.go:653.3,653.31 1 0
iroha/pkg/tui/view.go:654.23,655.30 1 0
iroha/pkg/tui/view.go:656.25,657.37 1 0
iroha/pkg/tui/view.go:658.24,659.30 1 0
iroha/pkg/tui/view.go:660.27,661.39 1 0
iroha/pkg/tui/view.go:662.25,663.39 1 0
iroha/pkg/tui/view.go:664.29,665.33 1 0
iroha/pkg/tui/view.go:666.29,667.32 1 0
iroha/pkg/tui/view.go:668.30,669.41 1 0
iroha/pkg/tui/view.go:670.19,671.29 1 0
iroha/pkg/tui/view.go:672.25,673.41 1 0
iroha/pkg/tui/view.go:674.10,676.20 2 1
iroha/pkg/tui/view.go:676.20,678.4 1 1
iroha/pkg/tui/view.go:679.3,679.43 1 0
iroha/pkg/tui/view.go:687.74,688.21 1 0
iroha/pkg/tui/view.go:688.21,690.3 1 0
iroha/pkg/tui/view.go:692.2,694.40 3 0
iroha/pkg/tui/view.go:694.40,697.3 2 0
iroha/pkg/tui/view.go:699.2,703.17 3 0
iroha/pkg/tui/view.go:703.17,705.3 1 0
iroha/pkg/tui/view.go:706.2,711.32 4 0
iroha/pkg/tui/view.go:711.32,713.3 1 0
iroha/pkg/tui/view.go:714.2,716.19 2 0
iroha/pkg/tui/view.go:716.19,720.3 2 0
iroha/pkg/tui/view.go:722.2,722.36 1 0
iroha/pkg/tui/view.go:722.36,724.3 1 0
iroha/pkg/tui/view.go:727.2,729.20 2 0
iroha/pkg/tui/view.go:733.73,734.14 1 1
iroha/pkg/tui/view.go:736.104,737.49 1 0
iroha/pkg/tui/view.go:738.84,739.50 1 1
iroha/pkg/tui/view.go:740.103,741.56 1 0
iroha/pkg/tui/view.go:742.10,743.50 1 1
iroha/pkg/tui/view.go:748.91,759.16 9 1
iroha/pkg/tui/view.go:759.16,761.3 1 1
iroha/pkg/tui/view.go:761.8,763.3 1 1
iroha/pkg/tui/view.go:765.2,765.20 1 1
iroha/pkg/tui/view.go:769.82,779.2 7 1
iroha/pkg/tui/view.go:786.54,794.2 6 1
iroha/pkg/tui/view.go:797.35,819.30 6 1
iroha/pkg/tui/view.go:819.30,824.3 1 1
iroha/pkg/tui/view.go:825.2,829.39 3 1
iroha/pkg/tui/view.go:829.39,834.3 1 1
iroha/pkg/tui/view.go:836.2,839.50 3 1
iroha/pkg/tui/wrap.go:11.46,12.30 1 1
iroha/pkg/tui/wrap.go:12.30,14.3 1 1
iroha/pkg/tui/wrap.go:16.2,16.43 1 1
iroha/pkg/tui/wrap.go:21.61,23.19 2 1
iroha/pkg/tui/wrap.go:23.19,25.3 1 1
iroha/pkg/tui/wrap.go:26.2,27.37 2 1
